node.exe : PASS js/__tests__/modal.dom.test.js
At line:1 char:1
+ & "C:\Program Files\nodejs/node.exe" "C:\Program Files\nodejs/node_mo ...
+ ~~~~~~~~~~~~~~~~~~~~~~~~~~~~~~~~~~~~~~~~~~~~~~~~~~~~~~~~~~~~~~~~~~~~~
    + CategoryInfo          : NotSpecified: (PASS js/__tests__/modal.dom.test. 
   js:String) [], RemoteException
    + FullyQualifiedErrorId : NativeCommandError
 
PASS js/__tests__/todoLogic.test.js
PASS js/__tests__/todoList.dom.jest.js
  ÔùÅ Console

    console.log
      [36m<body>[39m
        [0m
          [0m
        [36m<header>[39m
          [0m
            [0m
          [36m<h1>[39m
            [0mWelcome to WebbWizards Todo-App[0m
          [36m</h1>[39m
          [0m
          [0m
        [36m</header>[39m
        [0m
      
          [0m
        [36m<section[39m
          [33mclass[39m=[32m"button-and-output"[39m
        [36m>[39m
          [0m
            [0m
          [36m<button[39m
            [33maria-label[39m=[32m"Add new todo"[39m
            [33mid[39m=[32m"add-todo-btn"[39m
          [36m>[39m
            [0m
              [0m
            [36m<span[39m
              [33mclass[39m=[32m"plus-icon"[39m
            [36m>[39m
              [0m+[0m
            [36m</span>[39m
            [0m
            [0m
          [36m</button>[39m
          [0m
            [0m
          [36m<p[39m
            [33mid[39m=[32m"useroutput"[39m
          [36m/>[39m
          [0m
          [0m
        [36m</section>[39m
        [0m
      
          [0m
        [36m<main>[39m
          [0m
            [0m
          [36m<div[39m
            [33mclass[39m=[32m"date-selector-box"[39m
          [36m>[39m
            [0m
              [0m
            [36m<h3[39m
              [33mclass[39m=[32m"date-trigger"[39m
              [33mid[39m=[32m"today-heading"[39m
            [36m>[39m
              [0m
                Torsdag 5/2 [0m
              [36m<span[39m
                [33mclass[39m=[32m"arrow"[39m
              [36m>[39m
                [0mÔû╝[0m
              [36m</span>[39m
              [0m
              [0m
            [36m</h3>[39m
            [0m
      
              [0m
            [36m<ul[39m
              [33mclass[39m=[32m"date-dropdown hidden"[39m
              [33mid[39m=[32m"date-list"[39m
            [36m>[39m
              [0m
                [0m
              [36m<li[39m
                [33mdata-due-date[39m=[32m"2026-02-25"[39m
              [36m>[39m
                [0mOnsdag 25/2[0m
              [36m</li>[39m
              [0m
                [0m
              [36m<li[39m
                [33mdata-due-date[39m=[32m"2026-02-26"[39m
              [36m>[39m
                [0mTorsdag 26/2[0m
              [36m</li>[39m
              [0m
                [0m
              [36m<li[39m
                [33mdata-due-date[39m=[32m"2026-02-27"[39m
              [36m>[39m
                [0mFredag 27/2[0m
              [36m</li>[39m
              [0m
              [0m
            [36m</ul>[39m
            [0m
            [0m
          [36m</div>[39m
          [0m
      
            [0m
          [36m<ul[39m
            [33mid[39m=[32m"ulList"[39m
          [36m>[39m
            [36m<li>[39m
              [36m<button[39m
                [33maria-label[39m=[32m"Mark as complete"[39m
              [36m>[39m
                [0mÔ¼£[0m
              [36m</button>[39m
              [36m<span>[39m
                [0mDeadline: projekt i team[0m
              [36m</span>[39m
              [36m<button[39m
                [33maria-label[39m=[32m"Star todo"[39m
              [36m>[39m
                [0mÔÿå[0m
              [36m</button>[39m
              [36m<button[39m
                [33maria-label[39m=[32m"Edit todo"[39m
              [36m>[39m
                [0mÔ£Ä[0m
              [36m</button>[39m
              [36m<button[39m
                [33maria-label[39m=[32m"remove todo"[39m
              [36m>[39m
                [0m­ƒùæ[0m
              [36m</button>[39m
            [36m</li>[39m
          [36m</ul>[39m
          [0m
            [0m
          [36m<div[39m
            [33maria-labelledby[39m=[32m"modal-login-title"[39m
            [33maria-modal[39m=[32m"true"[39m
            [33mclass[39m=[32m"modal"[39m
            [33mid[39m=[32m"login-modal"[39m
            [33mrole[39m=[32m"dialog"[39m
          [36m>[39m
            [0m
                  [0m
            [36m<div[39m
              [33mclass[39m=[32m"modal-content"[39m
            [36m>[39m
              [0m
                      [0m
              [36m<h2[39m
                [33mclass[39m=[32m"modal-title"[39m
                [33mid[39m=[32m"modal-login-title"[39m
              [36m>[39m
                [0mLogin to WebbWizards Todo App[0m
              [36m</h2>[39m
              [0m
                      [0m
              [36m<form[39m
                [33mid[39m=[32m"login-form"[39m
              [36m>[39m
                [0m
                          [0m
                [36m<label[39m
                  [33mfor[39m=[32m"login-username"[39m
                [36m>[39m
                  [0mUsername[0m
                [36m</label>[39m
                [0m
                          [0m
                [36m<input[39m
                  [33maria-describedby[39m=[32m"login-username-error"[39m
                  [33maria-required[39m=[32m"true"[39m
                  [33mid[39m=[32m"login-username"[39m
                  [33mplaceholder[39m=[32m"Enter username"[39m
                  [33mtype[39m=[32m"text"[39m
                [36m/>[39m
                [0m
                          [0m
                [36m<span[39m
                  [33maria-live[39m=[32m"polite"[39m
                  [33mclass[39m=[32m"error-message"[39m
                  [33mid[39m=[32m"login-username-error"[39m
                [36m/>[39m
                [0m
                          [0m
                [36m<label[39m
                  [33mfor[39m=[32m"login-password"[39m
                [36m>[39m
                  [0mPassword[0m
                [36m</label>[39m
                [0m
                          [0m
                [36m<input[39m
                  [33maria-describedby[39m=[32m"login-password-error"[39m
                  [33maria-required[39m=[32m"true"[39m
                  [33mid[39m=[32m"login-password"[39m
                  [33mplaceholder[39m=[32m"Enter password"[39m
                  [33mtype[39m=[32m"password"[39m
                [36m/>[39m
                [0m
                          [0m
                [36m<span[39m
                  [33maria-live[39m=[32m"polite"[39m
                  [33mclass[39m=[32m"error-message"[39m
                  [33mid[39m=[32m"login-password-error"[39m
                [36m/>[39m
                [0m
                          [0m
                [36m<div[39m
                  [33mclass[39m=[32m"modal-actions"[39m
                [36m>[39m
                  [0m
                              [0m
                  [36m<button[39m
                    [33mid[39m=[32m"login-btn"[39m
                  [36m>[39m
                    [0m
                                  [0m
                    [36m<span[39m
                      [33mid[39m=[32m"login-btn-text"[39m
                    [36m>[39m
                      [0mLogin[0m
                    [36m</span>[39m
                    [0m
                                  [0m
                    [36m<div[39m
                      [33mclass[39m=[32m"hidden"[39m
                      [33mid[39m=[32m"loading-spinner"[39m
                    [36m/>[39m
                    [0m
                              [0m
                  [36m</button>[39m
                  [0m
                          [0m
                [36m</div>[39m
                [0m
                      [0m
              [36m</form>[39m
              [0m
                  [0m
            [36m</div>[39m
            [0m
              [0m
          [36m</div>[39m
          [0m
              
            [0m
          [36m<div[39m
            [33mclass[39m=[32m"modal"[39m
            [33mid[39m=[32m"myModal"[39m
          [36m>[39m
            [0m
              [0m
            [36m<div[39m
              [33mclass[39m=[32m"modal-content"[39m
            [36m>[39m
              [0m
                [0m
              [36m<span[39m
                [33maria-label[39m=[32m"St├ñng modal"[39m
                [33mclass[39m=[32m"close"[39m
              [36m>[39m
                [0m├ù[0m
              [36m</span>[39m
              [0m
                [0m
              [36m<h2[39m
                [33mclass[39m=[32m"modal-title"[39m
                [33mid[39m=[32m"modal-title"[39m
              [36m>[39m
                [0mAdd Todo[0m
              [36m</h2>[39m
              [0m
      
                [0m
              [36m<label[39m
                [33mfor[39m=[32m"new-todo-input"[39m
              [36m>[39m
                [0mNew Todo:[0m
              [36m</label>[39m
              [0m
                [0m
              [36m<input[39m
                [33mid[39m=[32m"new-todo-input"[39m
                [33mtype[39m=[32m"text"[39m
              [36m/>[39m
              [0m
      
                [0m
              [36m<label[39m
                [33mfor[39m=[32m"new-todo-desc"[39m
              [36m>[39m
                [0mDescription:[0m
              [36m</label>[39m
              [0m
                [0m
              [36m<input[39m
                [33mid[39m=[32m"new-todo-desc"[39m
                [33mtype[39m=[32m"text"[39m
              [36m/>[39m
              [0m
      
                [0m
              [36m<label[39m
                [33mfor[39m=[32m"new-todo-due-date"[39m
              [36m>[39m
                [0mDue Date:[0m
              [36m</label>[39m
              [0m
                [0m
              [36m<input[39m
                [33mid[39m=[32m"new-todo-due-date"[39m
                [33mtype[39m=[32m"date"[39m
              [36m/>[39m
              [0m
                [0m
              [36m<button[39m
                [33mid[39m=[32m"generate-description-btn"[39m
              [36m>[39m
                [0mGenerate Description[0m
              [36m</button>[39m
              [0m
                [0m
              [36m<div[39m
                [33mclass[39m=[32m"hidden"[39m
                [33mid[39m=[32m"loading-spinner"[39m
              [36m/>[39m
              [0m
                [0m
              [36m<span[39m
                [33mid[39m=[32m"btn-text"[39m
              [36m>[39m
                [0mGenerate Description[0m
              [36m</span>[39m
              [0m
                [0m
              [36m<button[39m
                [33mid[39m=[32m"save-todo-btn"[39m
              [36m>[39m
                [0mSave Todo[0m
              [36m</button>[39m
              [0m
                [0m
              [36m<button[39m
                [33mclass[39m=[32m"modal-removebtn"[39m
                [33mid[39m=[32m"remove-todo-btn"[39m
              [36m>[39m
                [0mRemove Todo[0m
              [36m</button>[39m
              [0m
              [0m
            [36m</div>[39m
            [0m
            [0m
          [36m</div>[39m
          [0m
          [0m
        [36m</main>[39m
        [0m
          [0m
        [36m<h2>[39m
          [0mImportant[0m
        [36m</h2>[39m
        [0m
          [0m
        [36m<section[39m
          [33mclass[39m=[32m"important-tasks"[39m
          [33mid[39m=[32m"importantList"[39m
        [36m>[39m
          [36m<div[39m
            [33mclass[39m=[32m"important-card empty"[39m
          [36m>[39m
            [0mNo important todos yet.[0m
          [36m</div>[39m
        [36m</section>[39m
        [0m
        [0m
      [36m</body>[39m

      at logDOM (node_modules/@testing-library/dom/dist/pretty-dom.js:93:13)

PASS js/__tests__/accessibility.test.js
PASS js/__tests__/app.dom.test.js
  ÔùÅ Console

    console.log
      1. startApp har kickat ig├Ñng!

      at Document.log (js/app.js:19:11)

    console.log
      2. initDom ├ñr k├Ârd. dom.loginmodal ├ñr: HTMLDivElement {}

      at Document.log (js/app.js:21:11)

    console.log
      3. savedToken i localStorage ├ñr: test-token

      at Document.log (js/app.js:25:10)

    console.log
      4. state.isLoggedIn ├ñr just nu: true

      at Document.log (js/app.js:29:11)

    console.log
      5. Vi ├ñr i ELSE-blocket (├äR inloggad). G├Âmmer modal.

      at Document.log (js/app.js:42:13)

    console.log
      We are logged in!

      at Document.log (js/app.js:45:13)

PASS js/__tests__/todoStorage.test.js
  ÔùÅ Console

    console.error
      Error loading todos: SyntaxError: Unexpected token
          at Object.json (C:\Users\lisae\source\repos\3. Frontend o tillg├ñngli
ghet\WebbWizards\js\__tests__\todoStorage.test.js:56:13)
          at json (C:\Users\lisae\source\repos\3. Frontend o tillg├ñnglighet\We
bbWizards\js\storage\todoStorage.js:28:33)
          at Object.<anonymous> (C:\Users\lisae\source\repos\3. Frontend o till
g├ñnglighet\WebbWizards\js\__tests__\todoStorage.test.js:60:18)

    [0m [90m 31 |[39m     [36mreturn[39m todoList[33m.[39mfilter(isValid
Todo)[33m;[39m
     [90m 32 |[39m   } [36mcatch[39m (error) {
    [31m[1m>[22m[39m[90m 33 |[39m     console[33m.[39merror([32m'Error
 loading todos:'[39m[33m,[39m error)[33m;[39m
     [90m    |[39m             [31m[1m^[22m[39m
     [90m 34 |[39m     [36mreturn[39m [][33m;[39m
     [90m 35 |[39m   }
     [90m 36 |[39m }[0m

      at error (js/storage/todoStorage.js:33:13)
      at Object.<anonymous> (js/__tests__/todoStorage.test.js:60:18)


Test Suites: 6 passed, 6 total
Tests:       20 passed, 20 total
Snapshots:   0 total
Time:        2.129 s
Ran all test suites.
